 Number of irreducible kpts =           18
setting up k-point grids
elec grid:    3   3   2
hole grid:    3   3   2
setting up k-point grids
elec grid:    3   3   2
hole grid:    3   3   2
setting up k-point grids
elec grid:    3   3   2
hole grid:    3   3   2
setting up k-point grids
elec grid:    3   3   2
setting up k-point grids
elec grid:    3   3   2
hole grid:    3   3   2
setting up k-point grids
hole grid:    3   3   2
elec grid:    3   3   2
setting up k-point grids
hole grid:    3   3   2
elec grid:    3   3   2
hole grid:    3   3   2
setting up k-point grids
setting up k-point grids
elec grid:    3   3   2
setting up k-point grids
elec grid:    3   3   2
hole grid:    3   3   2
setting up k-point grids
setting up k-point grids
elec grid:    3   3   2
setting up k-point grids
setting up k-point grids
setting up k-point grids
setting up k-point grids
hole grid:    3   3   2
setting up k-point grids
setting up k-point grids
hole grid:    3   3   2
elec grid:    3   3   2
elec grid:    3   3   2
elec grid:    3   3   2
setting up k-point grids
elec grid:    3   3   2
setting up k-point grids
setting up k-point grids
hole grid:    3   3   2
elec grid:    3   3   2
setting up k-point grids
setting up k-point grids
elec grid:    3   3   2
hole grid:    3   3   2
setting up k-point grids
hole grid:    3   3   2
hole grid:    3   3   2
elec grid:    3   3   2
elec grid:    3   3   2
elec grid:    3   3   2
elec grid:    3   3   2
hole grid:    3   3   2
elec grid:    3   3   2
hole grid:    3   3   2
elec grid:    3   3   2
hole grid:    3   3   2
elec grid:    3   3   2
hole grid:    3   3   2
hole grid:    3   3   2
hole grid:    3   3   2
setting up k-point grids
setting up k-point grids
setting up k-point grids
hole grid:    3   3   2
elec grid:    3   3   2
setting up k-point grids
elec grid:    3   3   2
elec grid:    3   3   2
elec grid:    3   3   2
setting up k-point grids
elec grid:    3   3   2
hole grid:    3   3   2
hole grid:    3   3   2
setting up k-point grids
elec grid:    3   3   2
elec grid:    3   3   2
hole grid:    3   3   2
hole grid:    3   3   2
hole grid:    3   3   2
setting up k-point grids
hole grid:    3   3   2
hole grid:    3   3   2
hole grid:    3   3   2
setting up k-point grids
hole grid:    3   3   2
elec grid:    3   3   2
elec grid:    3   3   2
hole grid:    3   3   2
hole grid:    3   3   2
           1  of          160
          33  of          160
          65  of          160
          97  of          160
         129  of          160
