 Number of irreducible kpts =           18
setting up k-point grids
elec grid:    3   3   2
hole grid:    3   3   2
setting up k-point grids
elec grid:    3   3   2
hole grid:    3   3   2
setting up k-point grids
elec grid:    3   3   2
hole grid:    3   3   2
setting up k-point grids
setting up k-point grids
elec grid:    3   3   2
elec grid:    3   3   2
hole grid:    3   3   2
setting up k-point grids
hole grid:    3   3   2
elec grid:    3   3   2
hole grid:    3   3   2
setting up k-point grids
elec grid:    3   3   2
hole grid:    3   3   2
setting up k-point grids
setting up k-point grids
elec grid:    3   3   2
setting up k-point grids
elec grid:    3   3   2
setting up k-point grids
elec grid:    3   3   2
elec grid:    3   3   2
hole grid:    3   3   2
setting up k-point grids
hole grid:    3   3   2
elec grid:    3   3   2
hole grid:    3   3   2
hole grid:    3   3   2
setting up k-point grids
elec grid:    3   3   2
hole grid:    3   3   2
setting up k-point grids
setting up k-point grids
elec grid:    3   3   2
elec grid:    3   3   2
hole grid:    3   3   2
setting up k-point grids
setting up k-point grids
setting up k-point grids
setting up k-point grids
hole grid:    3   3   2
hole grid:    3   3   2
elec grid:    3   3   2
setting up k-point grids
elec grid:    3   3   2
hole grid:    3   3   2
elec grid:    3   3   2
elec grid:    3   3   2
setting up k-point grids
setting up k-point grids
elec grid:    3   3   2
setting up k-point grids
hole grid:    3   3   2
hole grid:    3   3   2
setting up k-point grids
hole grid:    3   3   2
elec grid:    3   3   2
setting up k-point grids
elec grid:    3   3   2
elec grid:    3   3   2
elec grid:    3   3   2
setting up k-point grids
elec grid:    3   3   2
hole grid:    3   3   2
elec grid:    3   3   2
hole grid:    3   3   2
hole grid:    3   3   2
hole grid:    3   3   2
hole grid:    3   3   2
hole grid:    3   3   2
hole grid:    3   3   2
setting up k-point grids
elec grid:    3   3   2
setting up k-point grids
elec grid:    3   3   2
setting up k-point grids
hole grid:    3   3   2
setting up k-point grids
elec grid:    3   3   2
setting up k-point grids
elec grid:    3   3   2
hole grid:    3   3   2
elec grid:    3   3   2
setting up k-point grids
hole grid:    3   3   2
elec grid:    3   3   2
hole grid:    3   3   2
hole grid:    3   3   2
hole grid:    3   3   2
           1  of          400
          33  of          400
          65  of          400
          97  of          400
         129  of          400
         161  of          400
         193  of          400
         225  of          400
         257  of          400
         289  of          400
         321  of          400
         353  of          400
         385  of          400
